// Vitest Snapshot v1, https://vitest.dev/guide/snapshot.html

exports[`gap table snapshot — trader1a vs our synthesis 1`] = `
"Phrase: "Подойди-ка, надо тебе ситуацию прояснить."
Metric             Target         Actual         Gap%   Verdict
──────────────────────────────────────────────────────────────────
RMS level          -13.54 dBFS    -16.58 dBFS    30.3%  🟡 near
Crest factor       13.03 dB       15.58 dB       25.4%  🟡 near
Spectral slope     -5.97 dB/oct   -6.22 dB/oct    2.5%  ✅ close
Spectral tilt      22.89 dB       26.28 dB        8.5%  ✅ close
Noise floor        0.09           0.01           81.8%  🔴 very far
Presence ratio     0.14           0.04           32.8%  🟡 near
Voiced ratio       0.57           0.81           47.9%  🟠 far
F0 stdDev          131.23 Hz      136.85 Hz       3.7%  ✅ close
──────────────────────────────────────────────────────────────────
Mean gap: 29.1%"
`;
